ERROR - 2026-05-21 14:59:22 --> Error connecting to the database: mysqli_sql_exception: Too many connections in /var/www/wappbuzz/vendor/codeigniter4/framework/system/Database/MySQLi/Connection.php:185
Stack trace:
#0 /var/www/wappbuzz/vendor/codeigniter4/framework/system/Database/MySQLi/Connection.php(185): mysqli->real_connect()
#1 /var/www/wappbuzz/vendor/codeigniter4/framework/system/Database/BaseConnection.php(392): CodeIgniter\Database\MySQLi\Connection->connect()
#2 /var/www/wappbuzz/vendor/codeigniter4/framework/system/Database/BaseConnection.php(575): CodeIgniter\Database\BaseConnection->initialize()
#3 /var/www/wappbuzz/vendor/codeigniter4/framework/system/Database/BaseBuilder.php(1616): CodeIgniter\Database\BaseConnection->query()
#4 /var/www/wappbuzz/app/Helpers/Common_helper.php(1444): CodeIgniter\Database\BaseBuilder->get()
#5 /var/www/wappbuzz/app/Filters/MainFilter.php(57): db_get()
#6 /var/www/wappbuzz/vendor/codeigniter4/framework/system/Filters/Filters.php(184): App\Filters\MainFilter->before()
#7 /var/www/wappbuzz/vendor/codeigniter4/framework/system/CodeIgniter.php(475): CodeIgniter\Filters\Filters->run()
#8 /var/www/wappbuzz/vendor/codeigniter4/framework/system/CodeIgniter.php(361): CodeIgniter\CodeIgniter->handleRequest()
#9 /var/www/wappbuzz/index.php(34): CodeIgniter\CodeIgniter->run()
#10 {main}

Next CodeIgniter\Database\Exceptions\DatabaseException: Too many connections in /var/www/wappbuzz/vendor/codeigniter4/framework/system/Database/MySQLi/Connection.php:229
Stack trace:
#0 /var/www/wappbuzz/vendor/codeigniter4/framework/system/Database/BaseConnection.php(392): CodeIgniter\Database\MySQLi\Connection->connect()
#1 /var/www/wappbuzz/vendor/codeigniter4/framework/system/Database/BaseConnection.php(575): CodeIgniter\Database\BaseConnection->initialize()
#2 /var/www/wappbuzz/vendor/codeigniter4/framework/system/Database/BaseBuilder.php(1616): CodeIgniter\Database\BaseConnection->query()
#3 /var/www/wappbuzz/app/Helpers/Common_helper.php(1444): CodeIgniter\Database\BaseBuilder->get()
#4 /var/www/wappbuzz/app/Filters/MainFilter.php(57): db_get()
#5 /var/www/wappbuzz/vendor/codeigniter4/framework/system/Filters/Filters.php(184): App\Filters\MainFilter->before()
#6 /var/www/wappbuzz/vendor/codeigniter4/framework/system/CodeIgniter.php(475): CodeIgniter\Filters\Filters->run()
#7 /var/www/wappbuzz/vendor/codeigniter4/framework/system/CodeIgniter.php(361): CodeIgniter\CodeIgniter->handleRequest()
#8 /var/www/wappbuzz/index.php(34): CodeIgniter\CodeIgniter->run()
#9 {main}
ERROR - 2026-05-21 14:59:22 --> Error connecting to the database: mysqli_sql_exception: Too many connections in /var/www/wappbuzz/vendor/codeigniter4/framework/system/Database/MySQLi/Connection.php:185
Stack trace:
#0 /var/www/wappbuzz/vendor/codeigniter4/framework/system/Database/MySQLi/Connection.php(185): mysqli->real_connect()
#1 /var/www/wappbuzz/vendor/codeigniter4/framework/system/Database/BaseConnection.php(392): CodeIgniter\Database\MySQLi\Connection->connect()
#2 /var/www/wappbuzz/vendor/codeigniter4/framework/system/Database/BaseConnection.php(575): CodeIgniter\Database\BaseConnection->initialize()
#3 /var/www/wappbuzz/vendor/codeigniter4/framework/system/Database/BaseBuilder.php(1616): CodeIgniter\Database\BaseConnection->query()
#4 /var/www/wappbuzz/app/Helpers/Common_helper.php(1444): CodeIgniter\Database\BaseBuilder->get()
#5 /var/www/wappbuzz/app/Filters/MainFilter.php(57): db_get()
#6 /var/www/wappbuzz/vendor/codeigniter4/framework/system/Filters/Filters.php(184): App\Filters\MainFilter->before()
#7 /var/www/wappbuzz/vendor/codeigniter4/framework/system/CodeIgniter.php(475): CodeIgniter\Filters\Filters->run()
#8 /var/www/wappbuzz/vendor/codeigniter4/framework/system/CodeIgniter.php(361): CodeIgniter\CodeIgniter->handleRequest()
#9 /var/www/wappbuzz/index.php(34): CodeIgniter\CodeIgniter->run()
#10 {main}

Next CodeIgniter\Database\Exceptions\DatabaseException: Too many connections in /var/www/wappbuzz/vendor/codeigniter4/framework/system/Database/MySQLi/Connection.php:229
Stack trace:
#0 /var/www/wappbuzz/vendor/codeigniter4/framework/system/Database/BaseConnection.php(392): CodeIgniter\Database\MySQLi\Connection->connect()
#1 /var/www/wappbuzz/vendor/codeigniter4/framework/system/Database/BaseConnection.php(575): CodeIgniter\Database\BaseConnection->initialize()
#2 /var/www/wappbuzz/vendor/codeigniter4/framework/system/Database/BaseBuilder.php(1616): CodeIgniter\Database\BaseConnection->query()
#3 /var/www/wappbuzz/app/Helpers/Common_helper.php(1444): CodeIgniter\Database\BaseBuilder->get()
#4 /var/www/wappbuzz/app/Filters/MainFilter.php(57): db_get()
#5 /var/www/wappbuzz/vendor/codeigniter4/framework/system/Filters/Filters.php(184): App\Filters\MainFilter->before()
#6 /var/www/wappbuzz/vendor/codeigniter4/framework/system/CodeIgniter.php(475): CodeIgniter\Filters\Filters->run()
#7 /var/www/wappbuzz/vendor/codeigniter4/framework/system/CodeIgniter.php(361): CodeIgniter\CodeIgniter->handleRequest()
#8 /var/www/wappbuzz/index.php(34): CodeIgniter\CodeIgniter->run()
#9 {main}
CRITICAL - 2026-05-21 14:59:22 --> CodeIgniter\Database\Exceptions\DatabaseException: Unable to connect to the database.
Main connection [MySQLi]: Too many connections
in SYSTEMPATH/Database/BaseConnection.php on line 428.
 1 SYSTEMPATH/Database/BaseConnection.php(575): CodeIgniter\Database\BaseConnection->initialize()
 2 SYSTEMPATH/Database/BaseBuilder.php(1616): CodeIgniter\Database\BaseConnection->query()
 3 APPPATH/Helpers/Common_helper.php(1444): CodeIgniter\Database\BaseBuilder->get()
 4 APPPATH/Filters/MainFilter.php(57): db_get()
 5 SYSTEMPATH/Filters/Filters.php(184): App\Filters\MainFilter->before()
 6 SYSTEMPATH/CodeIgniter.php(475): CodeIgniter\Filters\Filters->run()
 7 SYSTEMPATH/CodeIgniter.php(361): CodeIgniter\CodeIgniter->handleRequest()
 8 FCPATH/index.php(34): CodeIgniter\CodeIgniter->run()
CRITICAL - 2026-05-21 14:59:22 --> CodeIgniter\Database\Exceptions\DatabaseException: Unable to connect to the database.
Main connection [MySQLi]: Too many connections
in SYSTEMPATH/Database/BaseConnection.php on line 428.
 1 SYSTEMPATH/Database/BaseConnection.php(575): CodeIgniter\Database\BaseConnection->initialize()
 2 SYSTEMPATH/Database/BaseBuilder.php(1616): CodeIgniter\Database\BaseConnection->query()
 3 APPPATH/Helpers/Common_helper.php(1444): CodeIgniter\Database\BaseBuilder->get()
 4 APPPATH/Filters/MainFilter.php(57): db_get()
 5 SYSTEMPATH/Filters/Filters.php(184): App\Filters\MainFilter->before()
 6 SYSTEMPATH/CodeIgniter.php(475): CodeIgniter\Filters\Filters->run()
 7 SYSTEMPATH/CodeIgniter.php(361): CodeIgniter\CodeIgniter->handleRequest()
 8 FCPATH/index.php(34): CodeIgniter\CodeIgniter->run()
ERROR - 2026-05-21 14:59:23 --> Error connecting to the database: mysqli_sql_exception: Too many connections in /var/www/wappbuzz/vendor/codeigniter4/framework/system/Database/MySQLi/Connection.php:185
Stack trace:
#0 /var/www/wappbuzz/vendor/codeigniter4/framework/system/Database/MySQLi/Connection.php(185): mysqli->real_connect()
#1 /var/www/wappbuzz/vendor/codeigniter4/framework/system/Database/BaseConnection.php(392): CodeIgniter\Database\MySQLi\Connection->connect()
#2 /var/www/wappbuzz/vendor/codeigniter4/framework/system/Database/BaseConnection.php(575): CodeIgniter\Database\BaseConnection->initialize()
#3 /var/www/wappbuzz/vendor/codeigniter4/framework/system/Database/BaseBuilder.php(1616): CodeIgniter\Database\BaseConnection->query()
#4 /var/www/wappbuzz/app/Helpers/Common_helper.php(1444): CodeIgniter\Database\BaseBuilder->get()
#5 /var/www/wappbuzz/app/Filters/MainFilter.php(57): db_get()
#6 /var/www/wappbuzz/vendor/codeigniter4/framework/system/Filters/Filters.php(184): App\Filters\MainFilter->before()
#7 /var/www/wappbuzz/vendor/codeigniter4/framework/system/CodeIgniter.php(475): CodeIgniter\Filters\Filters->run()
#8 /var/www/wappbuzz/vendor/codeigniter4/framework/system/CodeIgniter.php(361): CodeIgniter\CodeIgniter->handleRequest()
#9 /var/www/wappbuzz/index.php(34): CodeIgniter\CodeIgniter->run()
#10 {main}

Next CodeIgniter\Database\Exceptions\DatabaseException: Too many connections in /var/www/wappbuzz/vendor/codeigniter4/framework/system/Database/MySQLi/Connection.php:229
Stack trace:
#0 /var/www/wappbuzz/vendor/codeigniter4/framework/system/Database/BaseConnection.php(392): CodeIgniter\Database\MySQLi\Connection->connect()
#1 /var/www/wappbuzz/vendor/codeigniter4/framework/system/Database/BaseConnection.php(575): CodeIgniter\Database\BaseConnection->initialize()
#2 /var/www/wappbuzz/vendor/codeigniter4/framework/system/Database/BaseBuilder.php(1616): CodeIgniter\Database\BaseConnection->query()
#3 /var/www/wappbuzz/app/Helpers/Common_helper.php(1444): CodeIgniter\Database\BaseBuilder->get()
#4 /var/www/wappbuzz/app/Filters/MainFilter.php(57): db_get()
#5 /var/www/wappbuzz/vendor/codeigniter4/framework/system/Filters/Filters.php(184): App\Filters\MainFilter->before()
#6 /var/www/wappbuzz/vendor/codeigniter4/framework/system/CodeIgniter.php(475): CodeIgniter\Filters\Filters->run()
#7 /var/www/wappbuzz/vendor/codeigniter4/framework/system/CodeIgniter.php(361): CodeIgniter\CodeIgniter->handleRequest()
#8 /var/www/wappbuzz/index.php(34): CodeIgniter\CodeIgniter->run()
#9 {main}
CRITICAL - 2026-05-21 14:59:23 --> CodeIgniter\Database\Exceptions\DatabaseException: Unable to connect to the database.
Main connection [MySQLi]: Too many connections
in SYSTEMPATH/Database/BaseConnection.php on line 428.
 1 SYSTEMPATH/Database/BaseConnection.php(575): CodeIgniter\Database\BaseConnection->initialize()
 2 SYSTEMPATH/Database/BaseBuilder.php(1616): CodeIgniter\Database\BaseConnection->query()
 3 APPPATH/Helpers/Common_helper.php(1444): CodeIgniter\Database\BaseBuilder->get()
 4 APPPATH/Filters/MainFilter.php(57): db_get()
 5 SYSTEMPATH/Filters/Filters.php(184): App\Filters\MainFilter->before()
 6 SYSTEMPATH/CodeIgniter.php(475): CodeIgniter\Filters\Filters->run()
 7 SYSTEMPATH/CodeIgniter.php(361): CodeIgniter\CodeIgniter->handleRequest()
 8 FCPATH/index.php(34): CodeIgniter\CodeIgniter->run()
ERROR - 2026-05-21 14:59:24 --> Error connecting to the database: mysqli_sql_exception: Too many connections in /var/www/wappbuzz/vendor/codeigniter4/framework/system/Database/MySQLi/Connection.php:185
Stack trace:
#0 /var/www/wappbuzz/vendor/codeigniter4/framework/system/Database/MySQLi/Connection.php(185): mysqli->real_connect()
#1 /var/www/wappbuzz/vendor/codeigniter4/framework/system/Database/BaseConnection.php(392): CodeIgniter\Database\MySQLi\Connection->connect()
#2 /var/www/wappbuzz/vendor/codeigniter4/framework/system/Database/BaseConnection.php(575): CodeIgniter\Database\BaseConnection->initialize()
#3 /var/www/wappbuzz/vendor/codeigniter4/framework/system/Database/BaseBuilder.php(1616): CodeIgniter\Database\BaseConnection->query()
#4 /var/www/wappbuzz/app/Helpers/Common_helper.php(1444): CodeIgniter\Database\BaseBuilder->get()
#5 /var/www/wappbuzz/app/Filters/MainFilter.php(57): db_get()
#6 /var/www/wappbuzz/vendor/codeigniter4/framework/system/Filters/Filters.php(184): App\Filters\MainFilter->before()
#7 /var/www/wappbuzz/vendor/codeigniter4/framework/system/CodeIgniter.php(475): CodeIgniter\Filters\Filters->run()
#8 /var/www/wappbuzz/vendor/codeigniter4/framework/system/CodeIgniter.php(361): CodeIgniter\CodeIgniter->handleRequest()
#9 /var/www/wappbuzz/index.php(34): CodeIgniter\CodeIgniter->run()
#10 {main}

Next CodeIgniter\Database\Exceptions\DatabaseException: Too many connections in /var/www/wappbuzz/vendor/codeigniter4/framework/system/Database/MySQLi/Connection.php:229
Stack trace:
#0 /var/www/wappbuzz/vendor/codeigniter4/framework/system/Database/BaseConnection.php(392): CodeIgniter\Database\MySQLi\Connection->connect()
#1 /var/www/wappbuzz/vendor/codeigniter4/framework/system/Database/BaseConnection.php(575): CodeIgniter\Database\BaseConnection->initialize()
#2 /var/www/wappbuzz/vendor/codeigniter4/framework/system/Database/BaseBuilder.php(1616): CodeIgniter\Database\BaseConnection->query()
#3 /var/www/wappbuzz/app/Helpers/Common_helper.php(1444): CodeIgniter\Database\BaseBuilder->get()
#4 /var/www/wappbuzz/app/Filters/MainFilter.php(57): db_get()
#5 /var/www/wappbuzz/vendor/codeigniter4/framework/system/Filters/Filters.php(184): App\Filters\MainFilter->before()
#6 /var/www/wappbuzz/vendor/codeigniter4/framework/system/CodeIgniter.php(475): CodeIgniter\Filters\Filters->run()
#7 /var/www/wappbuzz/vendor/codeigniter4/framework/system/CodeIgniter.php(361): CodeIgniter\CodeIgniter->handleRequest()
#8 /var/www/wappbuzz/index.php(34): CodeIgniter\CodeIgniter->run()
#9 {main}
CRITICAL - 2026-05-21 14:59:24 --> CodeIgniter\Database\Exceptions\DatabaseException: Unable to connect to the database.
Main connection [MySQLi]: Too many connections
in SYSTEMPATH/Database/BaseConnection.php on line 428.
 1 SYSTEMPATH/Database/BaseConnection.php(575): CodeIgniter\Database\BaseConnection->initialize()
 2 SYSTEMPATH/Database/BaseBuilder.php(1616): CodeIgniter\Database\BaseConnection->query()
 3 APPPATH/Helpers/Common_helper.php(1444): CodeIgniter\Database\BaseBuilder->get()
 4 APPPATH/Filters/MainFilter.php(57): db_get()
 5 SYSTEMPATH/Filters/Filters.php(184): App\Filters\MainFilter->before()
 6 SYSTEMPATH/CodeIgniter.php(475): CodeIgniter\Filters\Filters->run()
 7 SYSTEMPATH/CodeIgniter.php(361): CodeIgniter\CodeIgniter->handleRequest()
 8 FCPATH/index.php(34): CodeIgniter\CodeIgniter->run()
ERROR - 2026-05-21 14:59:24 --> Error connecting to the database: mysqli_sql_exception: Too many connections in /var/www/wappbuzz/vendor/codeigniter4/framework/system/Database/MySQLi/Connection.php:185
Stack trace:
#0 /var/www/wappbuzz/vendor/codeigniter4/framework/system/Database/MySQLi/Connection.php(185): mysqli->real_connect()
#1 /var/www/wappbuzz/vendor/codeigniter4/framework/system/Database/BaseConnection.php(392): CodeIgniter\Database\MySQLi\Connection->connect()
#2 /var/www/wappbuzz/vendor/codeigniter4/framework/system/Database/BaseConnection.php(575): CodeIgniter\Database\BaseConnection->initialize()
#3 /var/www/wappbuzz/vendor/codeigniter4/framework/system/Database/BaseBuilder.php(1616): CodeIgniter\Database\BaseConnection->query()
#4 /var/www/wappbuzz/app/Helpers/Common_helper.php(1444): CodeIgniter\Database\BaseBuilder->get()
#5 /var/www/wappbuzz/app/Filters/MainFilter.php(57): db_get()
#6 /var/www/wappbuzz/vendor/codeigniter4/framework/system/Filters/Filters.php(184): App\Filters\MainFilter->before()
#7 /var/www/wappbuzz/vendor/codeigniter4/framework/system/CodeIgniter.php(475): CodeIgniter\Filters\Filters->run()
#8 /var/www/wappbuzz/vendor/codeigniter4/framework/system/CodeIgniter.php(361): CodeIgniter\CodeIgniter->handleRequest()
#9 /var/www/wappbuzz/index.php(34): CodeIgniter\CodeIgniter->run()
#10 {main}

Next CodeIgniter\Database\Exceptions\DatabaseException: Too many connections in /var/www/wappbuzz/vendor/codeigniter4/framework/system/Database/MySQLi/Connection.php:229
Stack trace:
#0 /var/www/wappbuzz/vendor/codeigniter4/framework/system/Database/BaseConnection.php(392): CodeIgniter\Database\MySQLi\Connection->connect()
#1 /var/www/wappbuzz/vendor/codeigniter4/framework/system/Database/BaseConnection.php(575): CodeIgniter\Database\BaseConnection->initialize()
#2 /var/www/wappbuzz/vendor/codeigniter4/framework/system/Database/BaseBuilder.php(1616): CodeIgniter\Database\BaseConnection->query()
#3 /var/www/wappbuzz/app/Helpers/Common_helper.php(1444): CodeIgniter\Database\BaseBuilder->get()
#4 /var/www/wappbuzz/app/Filters/MainFilter.php(57): db_get()
#5 /var/www/wappbuzz/vendor/codeigniter4/framework/system/Filters/Filters.php(184): App\Filters\MainFilter->before()
#6 /var/www/wappbuzz/vendor/codeigniter4/framework/system/CodeIgniter.php(475): CodeIgniter\Filters\Filters->run()
#7 /var/www/wappbuzz/vendor/codeigniter4/framework/system/CodeIgniter.php(361): CodeIgniter\CodeIgniter->handleRequest()
#8 /var/www/wappbuzz/index.php(34): CodeIgniter\CodeIgniter->run()
#9 {main}
CRITICAL - 2026-05-21 14:59:24 --> CodeIgniter\Database\Exceptions\DatabaseException: Unable to connect to the database.
Main connection [MySQLi]: Too many connections
in SYSTEMPATH/Database/BaseConnection.php on line 428.
 1 SYSTEMPATH/Database/BaseConnection.php(575): CodeIgniter\Database\BaseConnection->initialize()
 2 SYSTEMPATH/Database/BaseBuilder.php(1616): CodeIgniter\Database\BaseConnection->query()
 3 APPPATH/Helpers/Common_helper.php(1444): CodeIgniter\Database\BaseBuilder->get()
 4 APPPATH/Filters/MainFilter.php(57): db_get()
 5 SYSTEMPATH/Filters/Filters.php(184): App\Filters\MainFilter->before()
 6 SYSTEMPATH/CodeIgniter.php(475): CodeIgniter\Filters\Filters->run()
 7 SYSTEMPATH/CodeIgniter.php(361): CodeIgniter\CodeIgniter->handleRequest()
 8 FCPATH/index.php(34): CodeIgniter\CodeIgniter->run()
ERROR - 2026-05-21 14:59:24 --> Error connecting to the database: mysqli_sql_exception: Too many connections in /var/www/wappbuzz/vendor/codeigniter4/framework/system/Database/MySQLi/Connection.php:185
Stack trace:
#0 /var/www/wappbuzz/vendor/codeigniter4/framework/system/Database/MySQLi/Connection.php(185): mysqli->real_connect()
#1 /var/www/wappbuzz/vendor/codeigniter4/framework/system/Database/BaseConnection.php(392): CodeIgniter\Database\MySQLi\Connection->connect()
#2 /var/www/wappbuzz/vendor/codeigniter4/framework/system/Database/BaseConnection.php(575): CodeIgniter\Database\BaseConnection->initialize()
#3 /var/www/wappbuzz/vendor/codeigniter4/framework/system/Database/BaseBuilder.php(1616): CodeIgniter\Database\BaseConnection->query()
#4 /var/www/wappbuzz/app/Helpers/Common_helper.php(1444): CodeIgniter\Database\BaseBuilder->get()
#5 /var/www/wappbuzz/app/Filters/MainFilter.php(57): db_get()
#6 /var/www/wappbuzz/vendor/codeigniter4/framework/system/Filters/Filters.php(184): App\Filters\MainFilter->before()
#7 /var/www/wappbuzz/vendor/codeigniter4/framework/system/CodeIgniter.php(475): CodeIgniter\Filters\Filters->run()
#8 /var/www/wappbuzz/vendor/codeigniter4/framework/system/CodeIgniter.php(361): CodeIgniter\CodeIgniter->handleRequest()
#9 /var/www/wappbuzz/index.php(34): CodeIgniter\CodeIgniter->run()
#10 {main}

Next CodeIgniter\Database\Exceptions\DatabaseException: Too many connections in /var/www/wappbuzz/vendor/codeigniter4/framework/system/Database/MySQLi/Connection.php:229
Stack trace:
#0 /var/www/wappbuzz/vendor/codeigniter4/framework/system/Database/BaseConnection.php(392): CodeIgniter\Database\MySQLi\Connection->connect()
#1 /var/www/wappbuzz/vendor/codeigniter4/framework/system/Database/BaseConnection.php(575): CodeIgniter\Database\BaseConnection->initialize()
#2 /var/www/wappbuzz/vendor/codeigniter4/framework/system/Database/BaseBuilder.php(1616): CodeIgniter\Database\BaseConnection->query()
#3 /var/www/wappbuzz/app/Helpers/Common_helper.php(1444): CodeIgniter\Database\BaseBuilder->get()
#4 /var/www/wappbuzz/app/Filters/MainFilter.php(57): db_get()
#5 /var/www/wappbuzz/vendor/codeigniter4/framework/system/Filters/Filters.php(184): App\Filters\MainFilter->before()
#6 /var/www/wappbuzz/vendor/codeigniter4/framework/system/CodeIgniter.php(475): CodeIgniter\Filters\Filters->run()
#7 /var/www/wappbuzz/vendor/codeigniter4/framework/system/CodeIgniter.php(361): CodeIgniter\CodeIgniter->handleRequest()
#8 /var/www/wappbuzz/index.php(34): CodeIgniter\CodeIgniter->run()
#9 {main}
CRITICAL - 2026-05-21 14:59:24 --> CodeIgniter\Database\Exceptions\DatabaseException: Unable to connect to the database.
Main connection [MySQLi]: Too many connections
in SYSTEMPATH/Database/BaseConnection.php on line 428.
 1 SYSTEMPATH/Database/BaseConnection.php(575): CodeIgniter\Database\BaseConnection->initialize()
 2 SYSTEMPATH/Database/BaseBuilder.php(1616): CodeIgniter\Database\BaseConnection->query()
 3 APPPATH/Helpers/Common_helper.php(1444): CodeIgniter\Database\BaseBuilder->get()
 4 APPPATH/Filters/MainFilter.php(57): db_get()
 5 SYSTEMPATH/Filters/Filters.php(184): App\Filters\MainFilter->before()
 6 SYSTEMPATH/CodeIgniter.php(475): CodeIgniter\Filters\Filters->run()
 7 SYSTEMPATH/CodeIgniter.php(361): CodeIgniter\CodeIgniter->handleRequest()
 8 FCPATH/index.php(34): CodeIgniter\CodeIgniter->run()
ERROR - 2026-05-21 14:59:28 --> Error connecting to the database: mysqli_sql_exception: Too many connections in /var/www/wappbuzz/vendor/codeigniter4/framework/system/Database/MySQLi/Connection.php:185
Stack trace:
#0 /var/www/wappbuzz/vendor/codeigniter4/framework/system/Database/MySQLi/Connection.php(185): mysqli->real_connect()
#1 /var/www/wappbuzz/vendor/codeigniter4/framework/system/Database/BaseConnection.php(392): CodeIgniter\Database\MySQLi\Connection->connect()
#2 /var/www/wappbuzz/vendor/codeigniter4/framework/system/Database/BaseConnection.php(575): CodeIgniter\Database\BaseConnection->initialize()
#3 /var/www/wappbuzz/vendor/codeigniter4/framework/system/Database/BaseBuilder.php(1616): CodeIgniter\Database\BaseConnection->query()
#4 /var/www/wappbuzz/app/Helpers/Common_helper.php(1444): CodeIgniter\Database\BaseBuilder->get()
#5 /var/www/wappbuzz/app/Filters/MainFilter.php(57): db_get()
#6 /var/www/wappbuzz/vendor/codeigniter4/framework/system/Filters/Filters.php(184): App\Filters\MainFilter->before()
#7 /var/www/wappbuzz/vendor/codeigniter4/framework/system/CodeIgniter.php(475): CodeIgniter\Filters\Filters->run()
#8 /var/www/wappbuzz/vendor/codeigniter4/framework/system/CodeIgniter.php(361): CodeIgniter\CodeIgniter->handleRequest()
#9 /var/www/wappbuzz/index.php(34): CodeIgniter\CodeIgniter->run()
#10 {main}

Next CodeIgniter\Database\Exceptions\DatabaseException: Too many connections in /var/www/wappbuzz/vendor/codeigniter4/framework/system/Database/MySQLi/Connection.php:229
Stack trace:
#0 /var/www/wappbuzz/vendor/codeigniter4/framework/system/Database/BaseConnection.php(392): CodeIgniter\Database\MySQLi\Connection->connect()
#1 /var/www/wappbuzz/vendor/codeigniter4/framework/system/Database/BaseConnection.php(575): CodeIgniter\Database\BaseConnection->initialize()
#2 /var/www/wappbuzz/vendor/codeigniter4/framework/system/Database/BaseBuilder.php(1616): CodeIgniter\Database\BaseConnection->query()
#3 /var/www/wappbuzz/app/Helpers/Common_helper.php(1444): CodeIgniter\Database\BaseBuilder->get()
#4 /var/www/wappbuzz/app/Filters/MainFilter.php(57): db_get()
#5 /var/www/wappbuzz/vendor/codeigniter4/framework/system/Filters/Filters.php(184): App\Filters\MainFilter->before()
#6 /var/www/wappbuzz/vendor/codeigniter4/framework/system/CodeIgniter.php(475): CodeIgniter\Filters\Filters->run()
#7 /var/www/wappbuzz/vendor/codeigniter4/framework/system/CodeIgniter.php(361): CodeIgniter\CodeIgniter->handleRequest()
#8 /var/www/wappbuzz/index.php(34): CodeIgniter\CodeIgniter->run()
#9 {main}
CRITICAL - 2026-05-21 14:59:28 --> CodeIgniter\Database\Exceptions\DatabaseException: Unable to connect to the database.
Main connection [MySQLi]: Too many connections
in SYSTEMPATH/Database/BaseConnection.php on line 428.
 1 SYSTEMPATH/Database/BaseConnection.php(575): CodeIgniter\Database\BaseConnection->initialize()
 2 SYSTEMPATH/Database/BaseBuilder.php(1616): CodeIgniter\Database\BaseConnection->query()
 3 APPPATH/Helpers/Common_helper.php(1444): CodeIgniter\Database\BaseBuilder->get()
 4 APPPATH/Filters/MainFilter.php(57): db_get()
 5 SYSTEMPATH/Filters/Filters.php(184): App\Filters\MainFilter->before()
 6 SYSTEMPATH/CodeIgniter.php(475): CodeIgniter\Filters\Filters->run()
 7 SYSTEMPATH/CodeIgniter.php(361): CodeIgniter\CodeIgniter->handleRequest()
 8 FCPATH/index.php(34): CodeIgniter\CodeIgniter->run()
ERROR - 2026-05-21 14:59:29 --> Error connecting to the database: mysqli_sql_exception: Too many connections in /var/www/wappbuzz/vendor/codeigniter4/framework/system/Database/MySQLi/Connection.php:185
Stack trace:
#0 /var/www/wappbuzz/vendor/codeigniter4/framework/system/Database/MySQLi/Connection.php(185): mysqli->real_connect()
#1 /var/www/wappbuzz/vendor/codeigniter4/framework/system/Database/BaseConnection.php(392): CodeIgniter\Database\MySQLi\Connection->connect()
#2 /var/www/wappbuzz/vendor/codeigniter4/framework/system/Database/BaseConnection.php(575): CodeIgniter\Database\BaseConnection->initialize()
#3 /var/www/wappbuzz/vendor/codeigniter4/framework/system/Database/BaseBuilder.php(1616): CodeIgniter\Database\BaseConnection->query()
#4 /var/www/wappbuzz/app/Helpers/Common_helper.php(1444): CodeIgniter\Database\BaseBuilder->get()
#5 /var/www/wappbuzz/app/Filters/MainFilter.php(57): db_get()
#6 /var/www/wappbuzz/vendor/codeigniter4/framework/system/Filters/Filters.php(184): App\Filters\MainFilter->before()
#7 /var/www/wappbuzz/vendor/codeigniter4/framework/system/CodeIgniter.php(475): CodeIgniter\Filters\Filters->run()
#8 /var/www/wappbuzz/vendor/codeigniter4/framework/system/CodeIgniter.php(361): CodeIgniter\CodeIgniter->handleRequest()
#9 /var/www/wappbuzz/index.php(34): CodeIgniter\CodeIgniter->run()
#10 {main}

Next CodeIgniter\Database\Exceptions\DatabaseException: Too many connections in /var/www/wappbuzz/vendor/codeigniter4/framework/system/Database/MySQLi/Connection.php:229
Stack trace:
#0 /var/www/wappbuzz/vendor/codeigniter4/framework/system/Database/BaseConnection.php(392): CodeIgniter\Database\MySQLi\Connection->connect()
#1 /var/www/wappbuzz/vendor/codeigniter4/framework/system/Database/BaseConnection.php(575): CodeIgniter\Database\BaseConnection->initialize()
#2 /var/www/wappbuzz/vendor/codeigniter4/framework/system/Database/BaseBuilder.php(1616): CodeIgniter\Database\BaseConnection->query()
#3 /var/www/wappbuzz/app/Helpers/Common_helper.php(1444): CodeIgniter\Database\BaseBuilder->get()
#4 /var/www/wappbuzz/app/Filters/MainFilter.php(57): db_get()
#5 /var/www/wappbuzz/vendor/codeigniter4/framework/system/Filters/Filters.php(184): App\Filters\MainFilter->before()
#6 /var/www/wappbuzz/vendor/codeigniter4/framework/system/CodeIgniter.php(475): CodeIgniter\Filters\Filters->run()
#7 /var/www/wappbuzz/vendor/codeigniter4/framework/system/CodeIgniter.php(361): CodeIgniter\CodeIgniter->handleRequest()
#8 /var/www/wappbuzz/index.php(34): CodeIgniter\CodeIgniter->run()
#9 {main}
CRITICAL - 2026-05-21 14:59:29 --> CodeIgniter\Database\Exceptions\DatabaseException: Unable to connect to the database.
Main connection [MySQLi]: Too many connections
in SYSTEMPATH/Database/BaseConnection.php on line 428.
 1 SYSTEMPATH/Database/BaseConnection.php(575): CodeIgniter\Database\BaseConnection->initialize()
 2 SYSTEMPATH/Database/BaseBuilder.php(1616): CodeIgniter\Database\BaseConnection->query()
 3 APPPATH/Helpers/Common_helper.php(1444): CodeIgniter\Database\BaseBuilder->get()
 4 APPPATH/Filters/MainFilter.php(57): db_get()
 5 SYSTEMPATH/Filters/Filters.php(184): App\Filters\MainFilter->before()
 6 SYSTEMPATH/CodeIgniter.php(475): CodeIgniter\Filters\Filters->run()
 7 SYSTEMPATH/CodeIgniter.php(361): CodeIgniter\CodeIgniter->handleRequest()
 8 FCPATH/index.php(34): CodeIgniter\CodeIgniter->run()
ERROR - 2026-05-21 14:59:32 --> Error connecting to the database: mysqli_sql_exception: Too many connections in /var/www/wappbuzz/vendor/codeigniter4/framework/system/Database/MySQLi/Connection.php:185
Stack trace:
#0 /var/www/wappbuzz/vendor/codeigniter4/framework/system/Database/MySQLi/Connection.php(185): mysqli->real_connect()
#1 /var/www/wappbuzz/vendor/codeigniter4/framework/system/Database/BaseConnection.php(392): CodeIgniter\Database\MySQLi\Connection->connect()
#2 /var/www/wappbuzz/vendor/codeigniter4/framework/system/Database/BaseConnection.php(575): CodeIgniter\Database\BaseConnection->initialize()
#3 /var/www/wappbuzz/vendor/codeigniter4/framework/system/Database/BaseBuilder.php(1616): CodeIgniter\Database\BaseConnection->query()
#4 /var/www/wappbuzz/app/Helpers/Common_helper.php(1444): CodeIgniter\Database\BaseBuilder->get()
#5 /var/www/wappbuzz/app/Filters/MainFilter.php(57): db_get()
#6 /var/www/wappbuzz/vendor/codeigniter4/framework/system/Filters/Filters.php(184): App\Filters\MainFilter->before()
#7 /var/www/wappbuzz/vendor/codeigniter4/framework/system/CodeIgniter.php(475): CodeIgniter\Filters\Filters->run()
#8 /var/www/wappbuzz/vendor/codeigniter4/framework/system/CodeIgniter.php(361): CodeIgniter\CodeIgniter->handleRequest()
#9 /var/www/wappbuzz/index.php(34): CodeIgniter\CodeIgniter->run()
#10 {main}

Next CodeIgniter\Database\Exceptions\DatabaseException: Too many connections in /var/www/wappbuzz/vendor/codeigniter4/framework/system/Database/MySQLi/Connection.php:229
Stack trace:
#0 /var/www/wappbuzz/vendor/codeigniter4/framework/system/Database/BaseConnection.php(392): CodeIgniter\Database\MySQLi\Connection->connect()
#1 /var/www/wappbuzz/vendor/codeigniter4/framework/system/Database/BaseConnection.php(575): CodeIgniter\Database\BaseConnection->initialize()
#2 /var/www/wappbuzz/vendor/codeigniter4/framework/system/Database/BaseBuilder.php(1616): CodeIgniter\Database\BaseConnection->query()
#3 /var/www/wappbuzz/app/Helpers/Common_helper.php(1444): CodeIgniter\Database\BaseBuilder->get()
#4 /var/www/wappbuzz/app/Filters/MainFilter.php(57): db_get()
#5 /var/www/wappbuzz/vendor/codeigniter4/framework/system/Filters/Filters.php(184): App\Filters\MainFilter->before()
#6 /var/www/wappbuzz/vendor/codeigniter4/framework/system/CodeIgniter.php(475): CodeIgniter\Filters\Filters->run()
#7 /var/www/wappbuzz/vendor/codeigniter4/framework/system/CodeIgniter.php(361): CodeIgniter\CodeIgniter->handleRequest()
#8 /var/www/wappbuzz/index.php(34): CodeIgniter\CodeIgniter->run()
#9 {main}
CRITICAL - 2026-05-21 14:59:32 --> CodeIgniter\Database\Exceptions\DatabaseException: Unable to connect to the database.
Main connection [MySQLi]: Too many connections
in SYSTEMPATH/Database/BaseConnection.php on line 428.
 1 SYSTEMPATH/Database/BaseConnection.php(575): CodeIgniter\Database\BaseConnection->initialize()
 2 SYSTEMPATH/Database/BaseBuilder.php(1616): CodeIgniter\Database\BaseConnection->query()
 3 APPPATH/Helpers/Common_helper.php(1444): CodeIgniter\Database\BaseBuilder->get()
 4 APPPATH/Filters/MainFilter.php(57): db_get()
 5 SYSTEMPATH/Filters/Filters.php(184): App\Filters\MainFilter->before()
 6 SYSTEMPATH/CodeIgniter.php(475): CodeIgniter\Filters\Filters->run()
 7 SYSTEMPATH/CodeIgniter.php(361): CodeIgniter\CodeIgniter->handleRequest()
 8 FCPATH/index.php(34): CodeIgniter\CodeIgniter->run()
ERROR - 2026-05-21 14:59:34 --> Error connecting to the database: mysqli_sql_exception: Too many connections in /var/www/wappbuzz/vendor/codeigniter4/framework/system/Database/MySQLi/Connection.php:185
Stack trace:
#0 /var/www/wappbuzz/vendor/codeigniter4/framework/system/Database/MySQLi/Connection.php(185): mysqli->real_connect()
#1 /var/www/wappbuzz/vendor/codeigniter4/framework/system/Database/BaseConnection.php(392): CodeIgniter\Database\MySQLi\Connection->connect()
#2 /var/www/wappbuzz/vendor/codeigniter4/framework/system/Database/BaseConnection.php(575): CodeIgniter\Database\BaseConnection->initialize()
#3 /var/www/wappbuzz/vendor/codeigniter4/framework/system/Database/BaseBuilder.php(1616): CodeIgniter\Database\BaseConnection->query()
#4 /var/www/wappbuzz/app/Helpers/Common_helper.php(1444): CodeIgniter\Database\BaseBuilder->get()
#5 /var/www/wappbuzz/app/Filters/MainFilter.php(57): db_get()
#6 /var/www/wappbuzz/vendor/codeigniter4/framework/system/Filters/Filters.php(184): App\Filters\MainFilter->before()
#7 /var/www/wappbuzz/vendor/codeigniter4/framework/system/CodeIgniter.php(475): CodeIgniter\Filters\Filters->run()
#8 /var/www/wappbuzz/vendor/codeigniter4/framework/system/CodeIgniter.php(361): CodeIgniter\CodeIgniter->handleRequest()
#9 /var/www/wappbuzz/index.php(34): CodeIgniter\CodeIgniter->run()
#10 {main}

Next CodeIgniter\Database\Exceptions\DatabaseException: Too many connections in /var/www/wappbuzz/vendor/codeigniter4/framework/system/Database/MySQLi/Connection.php:229
Stack trace:
#0 /var/www/wappbuzz/vendor/codeigniter4/framework/system/Database/BaseConnection.php(392): CodeIgniter\Database\MySQLi\Connection->connect()
#1 /var/www/wappbuzz/vendor/codeigniter4/framework/system/Database/BaseConnection.php(575): CodeIgniter\Database\BaseConnection->initialize()
#2 /var/www/wappbuzz/vendor/codeigniter4/framework/system/Database/BaseBuilder.php(1616): CodeIgniter\Database\BaseConnection->query()
#3 /var/www/wappbuzz/app/Helpers/Common_helper.php(1444): CodeIgniter\Database\BaseBuilder->get()
#4 /var/www/wappbuzz/app/Filters/MainFilter.php(57): db_get()
#5 /var/www/wappbuzz/vendor/codeigniter4/framework/system/Filters/Filters.php(184): App\Filters\MainFilter->before()
#6 /var/www/wappbuzz/vendor/codeigniter4/framework/system/CodeIgniter.php(475): CodeIgniter\Filters\Filters->run()
#7 /var/www/wappbuzz/vendor/codeigniter4/framework/system/CodeIgniter.php(361): CodeIgniter\CodeIgniter->handleRequest()
#8 /var/www/wappbuzz/index.php(34): CodeIgniter\CodeIgniter->run()
#9 {main}
CRITICAL - 2026-05-21 14:59:34 --> CodeIgniter\Database\Exceptions\DatabaseException: Unable to connect to the database.
Main connection [MySQLi]: Too many connections
in SYSTEMPATH/Database/BaseConnection.php on line 428.
 1 SYSTEMPATH/Database/BaseConnection.php(575): CodeIgniter\Database\BaseConnection->initialize()
 2 SYSTEMPATH/Database/BaseBuilder.php(1616): CodeIgniter\Database\BaseConnection->query()
 3 APPPATH/Helpers/Common_helper.php(1444): CodeIgniter\Database\BaseBuilder->get()
 4 APPPATH/Filters/MainFilter.php(57): db_get()
 5 SYSTEMPATH/Filters/Filters.php(184): App\Filters\MainFilter->before()
 6 SYSTEMPATH/CodeIgniter.php(475): CodeIgniter\Filters\Filters->run()
 7 SYSTEMPATH/CodeIgniter.php(361): CodeIgniter\CodeIgniter->handleRequest()
 8 FCPATH/index.php(34): CodeIgniter\CodeIgniter->run()
ERROR - 2026-05-21 14:59:36 --> Error connecting to the database: mysqli_sql_exception: Too many connections in /var/www/wappbuzz/vendor/codeigniter4/framework/system/Database/MySQLi/Connection.php:185
Stack trace:
#0 /var/www/wappbuzz/vendor/codeigniter4/framework/system/Database/MySQLi/Connection.php(185): mysqli->real_connect()
#1 /var/www/wappbuzz/vendor/codeigniter4/framework/system/Database/BaseConnection.php(392): CodeIgniter\Database\MySQLi\Connection->connect()
#2 /var/www/wappbuzz/vendor/codeigniter4/framework/system/Database/BaseConnection.php(575): CodeIgniter\Database\BaseConnection->initialize()
#3 /var/www/wappbuzz/vendor/codeigniter4/framework/system/Database/BaseBuilder.php(1616): CodeIgniter\Database\BaseConnection->query()
#4 /var/www/wappbuzz/app/Helpers/Common_helper.php(1444): CodeIgniter\Database\BaseBuilder->get()
#5 /var/www/wappbuzz/app/Filters/MainFilter.php(57): db_get()
#6 /var/www/wappbuzz/vendor/codeigniter4/framework/system/Filters/Filters.php(184): App\Filters\MainFilter->before()
#7 /var/www/wappbuzz/vendor/codeigniter4/framework/system/CodeIgniter.php(475): CodeIgniter\Filters\Filters->run()
#8 /var/www/wappbuzz/vendor/codeigniter4/framework/system/CodeIgniter.php(361): CodeIgniter\CodeIgniter->handleRequest()
#9 /var/www/wappbuzz/index.php(34): CodeIgniter\CodeIgniter->run()
#10 {main}

Next CodeIgniter\Database\Exceptions\DatabaseException: Too many connections in /var/www/wappbuzz/vendor/codeigniter4/framework/system/Database/MySQLi/Connection.php:229
Stack trace:
#0 /var/www/wappbuzz/vendor/codeigniter4/framework/system/Database/BaseConnection.php(392): CodeIgniter\Database\MySQLi\Connection->connect()
#1 /var/www/wappbuzz/vendor/codeigniter4/framework/system/Database/BaseConnection.php(575): CodeIgniter\Database\BaseConnection->initialize()
#2 /var/www/wappbuzz/vendor/codeigniter4/framework/system/Database/BaseBuilder.php(1616): CodeIgniter\Database\BaseConnection->query()
#3 /var/www/wappbuzz/app/Helpers/Common_helper.php(1444): CodeIgniter\Database\BaseBuilder->get()
#4 /var/www/wappbuzz/app/Filters/MainFilter.php(57): db_get()
#5 /var/www/wappbuzz/vendor/codeigniter4/framework/system/Filters/Filters.php(184): App\Filters\MainFilter->before()
#6 /var/www/wappbuzz/vendor/codeigniter4/framework/system/CodeIgniter.php(475): CodeIgniter\Filters\Filters->run()
#7 /var/www/wappbuzz/vendor/codeigniter4/framework/system/CodeIgniter.php(361): CodeIgniter\CodeIgniter->handleRequest()
#8 /var/www/wappbuzz/index.php(34): CodeIgniter\CodeIgniter->run()
#9 {main}
CRITICAL - 2026-05-21 14:59:36 --> CodeIgniter\Database\Exceptions\DatabaseException: Unable to connect to the database.
Main connection [MySQLi]: Too many connections
in SYSTEMPATH/Database/BaseConnection.php on line 428.
 1 SYSTEMPATH/Database/BaseConnection.php(575): CodeIgniter\Database\BaseConnection->initialize()
 2 SYSTEMPATH/Database/BaseBuilder.php(1616): CodeIgniter\Database\BaseConnection->query()
 3 APPPATH/Helpers/Common_helper.php(1444): CodeIgniter\Database\BaseBuilder->get()
 4 APPPATH/Filters/MainFilter.php(57): db_get()
 5 SYSTEMPATH/Filters/Filters.php(184): App\Filters\MainFilter->before()
 6 SYSTEMPATH/CodeIgniter.php(475): CodeIgniter\Filters\Filters->run()
 7 SYSTEMPATH/CodeIgniter.php(361): CodeIgniter\CodeIgniter->handleRequest()
 8 FCPATH/index.php(34): CodeIgniter\CodeIgniter->run()
ERROR - 2026-05-21 14:59:39 --> Error connecting to the database: mysqli_sql_exception: Too many connections in /var/www/wappbuzz/vendor/codeigniter4/framework/system/Database/MySQLi/Connection.php:185
Stack trace:
#0 /var/www/wappbuzz/vendor/codeigniter4/framework/system/Database/MySQLi/Connection.php(185): mysqli->real_connect()
#1 /var/www/wappbuzz/vendor/codeigniter4/framework/system/Database/BaseConnection.php(392): CodeIgniter\Database\MySQLi\Connection->connect()
#2 /var/www/wappbuzz/vendor/codeigniter4/framework/system/Database/BaseConnection.php(575): CodeIgniter\Database\BaseConnection->initialize()
#3 /var/www/wappbuzz/vendor/codeigniter4/framework/system/Database/BaseBuilder.php(1616): CodeIgniter\Database\BaseConnection->query()
#4 /var/www/wappbuzz/app/Helpers/Common_helper.php(1444): CodeIgniter\Database\BaseBuilder->get()
#5 /var/www/wappbuzz/app/Filters/MainFilter.php(57): db_get()
#6 /var/www/wappbuzz/vendor/codeigniter4/framework/system/Filters/Filters.php(184): App\Filters\MainFilter->before()
#7 /var/www/wappbuzz/vendor/codeigniter4/framework/system/CodeIgniter.php(475): CodeIgniter\Filters\Filters->run()
#8 /var/www/wappbuzz/vendor/codeigniter4/framework/system/CodeIgniter.php(361): CodeIgniter\CodeIgniter->handleRequest()
#9 /var/www/wappbuzz/index.php(34): CodeIgniter\CodeIgniter->run()
#10 {main}

Next CodeIgniter\Database\Exceptions\DatabaseException: Too many connections in /var/www/wappbuzz/vendor/codeigniter4/framework/system/Database/MySQLi/Connection.php:229
Stack trace:
#0 /var/www/wappbuzz/vendor/codeigniter4/framework/system/Database/BaseConnection.php(392): CodeIgniter\Database\MySQLi\Connection->connect()
#1 /var/www/wappbuzz/vendor/codeigniter4/framework/system/Database/BaseConnection.php(575): CodeIgniter\Database\BaseConnection->initialize()
#2 /var/www/wappbuzz/vendor/codeigniter4/framework/system/Database/BaseBuilder.php(1616): CodeIgniter\Database\BaseConnection->query()
#3 /var/www/wappbuzz/app/Helpers/Common_helper.php(1444): CodeIgniter\Database\BaseBuilder->get()
#4 /var/www/wappbuzz/app/Filters/MainFilter.php(57): db_get()
#5 /var/www/wappbuzz/vendor/codeigniter4/framework/system/Filters/Filters.php(184): App\Filters\MainFilter->before()
#6 /var/www/wappbuzz/vendor/codeigniter4/framework/system/CodeIgniter.php(475): CodeIgniter\Filters\Filters->run()
#7 /var/www/wappbuzz/vendor/codeigniter4/framework/system/CodeIgniter.php(361): CodeIgniter\CodeIgniter->handleRequest()
#8 /var/www/wappbuzz/index.php(34): CodeIgniter\CodeIgniter->run()
#9 {main}
CRITICAL - 2026-05-21 14:59:39 --> CodeIgniter\Database\Exceptions\DatabaseException: Unable to connect to the database.
Main connection [MySQLi]: Too many connections
in SYSTEMPATH/Database/BaseConnection.php on line 428.
 1 SYSTEMPATH/Database/BaseConnection.php(575): CodeIgniter\Database\BaseConnection->initialize()
 2 SYSTEMPATH/Database/BaseBuilder.php(1616): CodeIgniter\Database\BaseConnection->query()
 3 APPPATH/Helpers/Common_helper.php(1444): CodeIgniter\Database\BaseBuilder->get()
 4 APPPATH/Filters/MainFilter.php(57): db_get()
 5 SYSTEMPATH/Filters/Filters.php(184): App\Filters\MainFilter->before()
 6 SYSTEMPATH/CodeIgniter.php(475): CodeIgniter\Filters\Filters->run()
 7 SYSTEMPATH/CodeIgniter.php(361): CodeIgniter\CodeIgniter->handleRequest()
 8 FCPATH/index.php(34): CodeIgniter\CodeIgniter->run()
ERROR - 2026-05-21 14:59:40 --> Error connecting to the database: mysqli_sql_exception: Too many connections in /var/www/wappbuzz/vendor/codeigniter4/framework/system/Database/MySQLi/Connection.php:185
Stack trace:
#0 /var/www/wappbuzz/vendor/codeigniter4/framework/system/Database/MySQLi/Connection.php(185): mysqli->real_connect()
#1 /var/www/wappbuzz/vendor/codeigniter4/framework/system/Database/BaseConnection.php(392): CodeIgniter\Database\MySQLi\Connection->connect()
#2 /var/www/wappbuzz/vendor/codeigniter4/framework/system/Database/BaseConnection.php(575): CodeIgniter\Database\BaseConnection->initialize()
#3 /var/www/wappbuzz/vendor/codeigniter4/framework/system/Database/BaseBuilder.php(1616): CodeIgniter\Database\BaseConnection->query()
#4 /var/www/wappbuzz/app/Helpers/Common_helper.php(1444): CodeIgniter\Database\BaseBuilder->get()
#5 /var/www/wappbuzz/app/Filters/MainFilter.php(57): db_get()
#6 /var/www/wappbuzz/vendor/codeigniter4/framework/system/Filters/Filters.php(184): App\Filters\MainFilter->before()
#7 /var/www/wappbuzz/vendor/codeigniter4/framework/system/CodeIgniter.php(475): CodeIgniter\Filters\Filters->run()
#8 /var/www/wappbuzz/vendor/codeigniter4/framework/system/CodeIgniter.php(361): CodeIgniter\CodeIgniter->handleRequest()
#9 /var/www/wappbuzz/index.php(34): CodeIgniter\CodeIgniter->run()
#10 {main}

Next CodeIgniter\Database\Exceptions\DatabaseException: Too many connections in /var/www/wappbuzz/vendor/codeigniter4/framework/system/Database/MySQLi/Connection.php:229
Stack trace:
#0 /var/www/wappbuzz/vendor/codeigniter4/framework/system/Database/BaseConnection.php(392): CodeIgniter\Database\MySQLi\Connection->connect()
#1 /var/www/wappbuzz/vendor/codeigniter4/framework/system/Database/BaseConnection.php(575): CodeIgniter\Database\BaseConnection->initialize()
#2 /var/www/wappbuzz/vendor/codeigniter4/framework/system/Database/BaseBuilder.php(1616): CodeIgniter\Database\BaseConnection->query()
#3 /var/www/wappbuzz/app/Helpers/Common_helper.php(1444): CodeIgniter\Database\BaseBuilder->get()
#4 /var/www/wappbuzz/app/Filters/MainFilter.php(57): db_get()
#5 /var/www/wappbuzz/vendor/codeigniter4/framework/system/Filters/Filters.php(184): App\Filters\MainFilter->before()
#6 /var/www/wappbuzz/vendor/codeigniter4/framework/system/CodeIgniter.php(475): CodeIgniter\Filters\Filters->run()
#7 /var/www/wappbuzz/vendor/codeigniter4/framework/system/CodeIgniter.php(361): CodeIgniter\CodeIgniter->handleRequest()
#8 /var/www/wappbuzz/index.php(34): CodeIgniter\CodeIgniter->run()
#9 {main}
CRITICAL - 2026-05-21 14:59:40 --> CodeIgniter\Database\Exceptions\DatabaseException: Unable to connect to the database.
Main connection [MySQLi]: Too many connections
in SYSTEMPATH/Database/BaseConnection.php on line 428.
 1 SYSTEMPATH/Database/BaseConnection.php(575): CodeIgniter\Database\BaseConnection->initialize()
 2 SYSTEMPATH/Database/BaseBuilder.php(1616): CodeIgniter\Database\BaseConnection->query()
 3 APPPATH/Helpers/Common_helper.php(1444): CodeIgniter\Database\BaseBuilder->get()
 4 APPPATH/Filters/MainFilter.php(57): db_get()
 5 SYSTEMPATH/Filters/Filters.php(184): App\Filters\MainFilter->before()
 6 SYSTEMPATH/CodeIgniter.php(475): CodeIgniter\Filters\Filters->run()
 7 SYSTEMPATH/CodeIgniter.php(361): CodeIgniter\CodeIgniter->handleRequest()
 8 FCPATH/index.php(34): CodeIgniter\CodeIgniter->run()
ERROR - 2026-05-21 14:59:43 --> Error connecting to the database: mysqli_sql_exception: Too many connections in /var/www/wappbuzz/vendor/codeigniter4/framework/system/Database/MySQLi/Connection.php:185
Stack trace:
#0 /var/www/wappbuzz/vendor/codeigniter4/framework/system/Database/MySQLi/Connection.php(185): mysqli->real_connect()
#1 /var/www/wappbuzz/vendor/codeigniter4/framework/system/Database/BaseConnection.php(392): CodeIgniter\Database\MySQLi\Connection->connect()
#2 /var/www/wappbuzz/vendor/codeigniter4/framework/system/Database/BaseConnection.php(575): CodeIgniter\Database\BaseConnection->initialize()
#3 /var/www/wappbuzz/vendor/codeigniter4/framework/system/Database/BaseBuilder.php(1616): CodeIgniter\Database\BaseConnection->query()
#4 /var/www/wappbuzz/app/Helpers/Common_helper.php(1444): CodeIgniter\Database\BaseBuilder->get()
#5 /var/www/wappbuzz/app/Filters/MainFilter.php(57): db_get()
#6 /var/www/wappbuzz/vendor/codeigniter4/framework/system/Filters/Filters.php(184): App\Filters\MainFilter->before()
#7 /var/www/wappbuzz/vendor/codeigniter4/framework/system/CodeIgniter.php(475): CodeIgniter\Filters\Filters->run()
#8 /var/www/wappbuzz/vendor/codeigniter4/framework/system/CodeIgniter.php(361): CodeIgniter\CodeIgniter->handleRequest()
#9 /var/www/wappbuzz/index.php(34): CodeIgniter\CodeIgniter->run()
#10 {main}

Next CodeIgniter\Database\Exceptions\DatabaseException: Too many connections in /var/www/wappbuzz/vendor/codeigniter4/framework/system/Database/MySQLi/Connection.php:229
Stack trace:
#0 /var/www/wappbuzz/vendor/codeigniter4/framework/system/Database/BaseConnection.php(392): CodeIgniter\Database\MySQLi\Connection->connect()
#1 /var/www/wappbuzz/vendor/codeigniter4/framework/system/Database/BaseConnection.php(575): CodeIgniter\Database\BaseConnection->initialize()
#2 /var/www/wappbuzz/vendor/codeigniter4/framework/system/Database/BaseBuilder.php(1616): CodeIgniter\Database\BaseConnection->query()
#3 /var/www/wappbuzz/app/Helpers/Common_helper.php(1444): CodeIgniter\Database\BaseBuilder->get()
#4 /var/www/wappbuzz/app/Filters/MainFilter.php(57): db_get()
#5 /var/www/wappbuzz/vendor/codeigniter4/framework/system/Filters/Filters.php(184): App\Filters\MainFilter->before()
#6 /var/www/wappbuzz/vendor/codeigniter4/framework/system/CodeIgniter.php(475): CodeIgniter\Filters\Filters->run()
#7 /var/www/wappbuzz/vendor/codeigniter4/framework/system/CodeIgniter.php(361): CodeIgniter\CodeIgniter->handleRequest()
#8 /var/www/wappbuzz/index.php(34): CodeIgniter\CodeIgniter->run()
#9 {main}
CRITICAL - 2026-05-21 14:59:43 --> CodeIgniter\Database\Exceptions\DatabaseException: Unable to connect to the database.
Main connection [MySQLi]: Too many connections
in SYSTEMPATH/Database/BaseConnection.php on line 428.
 1 SYSTEMPATH/Database/BaseConnection.php(575): CodeIgniter\Database\BaseConnection->initialize()
 2 SYSTEMPATH/Database/BaseBuilder.php(1616): CodeIgniter\Database\BaseConnection->query()
 3 APPPATH/Helpers/Common_helper.php(1444): CodeIgniter\Database\BaseBuilder->get()
 4 APPPATH/Filters/MainFilter.php(57): db_get()
 5 SYSTEMPATH/Filters/Filters.php(184): App\Filters\MainFilter->before()
 6 SYSTEMPATH/CodeIgniter.php(475): CodeIgniter\Filters\Filters->run()
 7 SYSTEMPATH/CodeIgniter.php(361): CodeIgniter\CodeIgniter->handleRequest()
 8 FCPATH/index.php(34): CodeIgniter\CodeIgniter->run()
ERROR - 2026-05-21 14:59:44 --> Error connecting to the database: mysqli_sql_exception: Too many connections in /var/www/wappbuzz/vendor/codeigniter4/framework/system/Database/MySQLi/Connection.php:185
Stack trace:
#0 /var/www/wappbuzz/vendor/codeigniter4/framework/system/Database/MySQLi/Connection.php(185): mysqli->real_connect()
#1 /var/www/wappbuzz/vendor/codeigniter4/framework/system/Database/BaseConnection.php(392): CodeIgniter\Database\MySQLi\Connection->connect()
#2 /var/www/wappbuzz/vendor/codeigniter4/framework/system/Database/BaseConnection.php(575): CodeIgniter\Database\BaseConnection->initialize()
#3 /var/www/wappbuzz/vendor/codeigniter4/framework/system/Database/BaseBuilder.php(1616): CodeIgniter\Database\BaseConnection->query()
#4 /var/www/wappbuzz/app/Helpers/Common_helper.php(1444): CodeIgniter\Database\BaseBuilder->get()
#5 /var/www/wappbuzz/app/Filters/MainFilter.php(57): db_get()
#6 /var/www/wappbuzz/vendor/codeigniter4/framework/system/Filters/Filters.php(184): App\Filters\MainFilter->before()
#7 /var/www/wappbuzz/vendor/codeigniter4/framework/system/CodeIgniter.php(475): CodeIgniter\Filters\Filters->run()
#8 /var/www/wappbuzz/vendor/codeigniter4/framework/system/CodeIgniter.php(361): CodeIgniter\CodeIgniter->handleRequest()
#9 /var/www/wappbuzz/index.php(34): CodeIgniter\CodeIgniter->run()
#10 {main}

Next CodeIgniter\Database\Exceptions\DatabaseException: Too many connections in /var/www/wappbuzz/vendor/codeigniter4/framework/system/Database/MySQLi/Connection.php:229
Stack trace:
#0 /var/www/wappbuzz/vendor/codeigniter4/framework/system/Database/BaseConnection.php(392): CodeIgniter\Database\MySQLi\Connection->connect()
#1 /var/www/wappbuzz/vendor/codeigniter4/framework/system/Database/BaseConnection.php(575): CodeIgniter\Database\BaseConnection->initialize()
#2 /var/www/wappbuzz/vendor/codeigniter4/framework/system/Database/BaseBuilder.php(1616): CodeIgniter\Database\BaseConnection->query()
#3 /var/www/wappbuzz/app/Helpers/Common_helper.php(1444): CodeIgniter\Database\BaseBuilder->get()
#4 /var/www/wappbuzz/app/Filters/MainFilter.php(57): db_get()
#5 /var/www/wappbuzz/vendor/codeigniter4/framework/system/Filters/Filters.php(184): App\Filters\MainFilter->before()
#6 /var/www/wappbuzz/vendor/codeigniter4/framework/system/CodeIgniter.php(475): CodeIgniter\Filters\Filters->run()
#7 /var/www/wappbuzz/vendor/codeigniter4/framework/system/CodeIgniter.php(361): CodeIgniter\CodeIgniter->handleRequest()
#8 /var/www/wappbuzz/index.php(34): CodeIgniter\CodeIgniter->run()
#9 {main}
CRITICAL - 2026-05-21 14:59:44 --> CodeIgniter\Database\Exceptions\DatabaseException: Unable to connect to the database.
Main connection [MySQLi]: Too many connections
in SYSTEMPATH/Database/BaseConnection.php on line 428.
 1 SYSTEMPATH/Database/BaseConnection.php(575): CodeIgniter\Database\BaseConnection->initialize()
 2 SYSTEMPATH/Database/BaseBuilder.php(1616): CodeIgniter\Database\BaseConnection->query()
 3 APPPATH/Helpers/Common_helper.php(1444): CodeIgniter\Database\BaseBuilder->get()
 4 APPPATH/Filters/MainFilter.php(57): db_get()
 5 SYSTEMPATH/Filters/Filters.php(184): App\Filters\MainFilter->before()
 6 SYSTEMPATH/CodeIgniter.php(475): CodeIgniter\Filters\Filters->run()
 7 SYSTEMPATH/CodeIgniter.php(361): CodeIgniter\CodeIgniter->handleRequest()
 8 FCPATH/index.php(34): CodeIgniter\CodeIgniter->run()
ERROR - 2026-05-21 14:59:44 --> Error connecting to the database: mysqli_sql_exception: Too many connections in /var/www/wappbuzz/vendor/codeigniter4/framework/system/Database/MySQLi/Connection.php:185
Stack trace:
#0 /var/www/wappbuzz/vendor/codeigniter4/framework/system/Database/MySQLi/Connection.php(185): mysqli->real_connect()
#1 /var/www/wappbuzz/vendor/codeigniter4/framework/system/Database/BaseConnection.php(392): CodeIgniter\Database\MySQLi\Connection->connect()
#2 /var/www/wappbuzz/vendor/codeigniter4/framework/system/Database/BaseConnection.php(575): CodeIgniter\Database\BaseConnection->initialize()
#3 /var/www/wappbuzz/vendor/codeigniter4/framework/system/Database/BaseBuilder.php(1616): CodeIgniter\Database\BaseConnection->query()
#4 /var/www/wappbuzz/app/Helpers/Common_helper.php(1444): CodeIgniter\Database\BaseBuilder->get()
#5 /var/www/wappbuzz/app/Filters/MainFilter.php(57): db_get()
#6 /var/www/wappbuzz/vendor/codeigniter4/framework/system/Filters/Filters.php(184): App\Filters\MainFilter->before()
#7 /var/www/wappbuzz/vendor/codeigniter4/framework/system/CodeIgniter.php(475): CodeIgniter\Filters\Filters->run()
#8 /var/www/wappbuzz/vendor/codeigniter4/framework/system/CodeIgniter.php(361): CodeIgniter\CodeIgniter->handleRequest()
#9 /var/www/wappbuzz/index.php(34): CodeIgniter\CodeIgniter->run()
#10 {main}

Next CodeIgniter\Database\Exceptions\DatabaseException: Too many connections in /var/www/wappbuzz/vendor/codeigniter4/framework/system/Database/MySQLi/Connection.php:229
Stack trace:
#0 /var/www/wappbuzz/vendor/codeigniter4/framework/system/Database/BaseConnection.php(392): CodeIgniter\Database\MySQLi\Connection->connect()
#1 /var/www/wappbuzz/vendor/codeigniter4/framework/system/Database/BaseConnection.php(575): CodeIgniter\Database\BaseConnection->initialize()
#2 /var/www/wappbuzz/vendor/codeigniter4/framework/system/Database/BaseBuilder.php(1616): CodeIgniter\Database\BaseConnection->query()
#3 /var/www/wappbuzz/app/Helpers/Common_helper.php(1444): CodeIgniter\Database\BaseBuilder->get()
#4 /var/www/wappbuzz/app/Filters/MainFilter.php(57): db_get()
#5 /var/www/wappbuzz/vendor/codeigniter4/framework/system/Filters/Filters.php(184): App\Filters\MainFilter->before()
#6 /var/www/wappbuzz/vendor/codeigniter4/framework/system/CodeIgniter.php(475): CodeIgniter\Filters\Filters->run()
#7 /var/www/wappbuzz/vendor/codeigniter4/framework/system/CodeIgniter.php(361): CodeIgniter\CodeIgniter->handleRequest()
#8 /var/www/wappbuzz/index.php(34): CodeIgniter\CodeIgniter->run()
#9 {main}
CRITICAL - 2026-05-21 14:59:44 --> CodeIgniter\Database\Exceptions\DatabaseException: Unable to connect to the database.
Main connection [MySQLi]: Too many connections
in SYSTEMPATH/Database/BaseConnection.php on line 428.
 1 SYSTEMPATH/Database/BaseConnection.php(575): CodeIgniter\Database\BaseConnection->initialize()
 2 SYSTEMPATH/Database/BaseBuilder.php(1616): CodeIgniter\Database\BaseConnection->query()
 3 APPPATH/Helpers/Common_helper.php(1444): CodeIgniter\Database\BaseBuilder->get()
 4 APPPATH/Filters/MainFilter.php(57): db_get()
 5 SYSTEMPATH/Filters/Filters.php(184): App\Filters\MainFilter->before()
 6 SYSTEMPATH/CodeIgniter.php(475): CodeIgniter\Filters\Filters->run()
 7 SYSTEMPATH/CodeIgniter.php(361): CodeIgniter\CodeIgniter->handleRequest()
 8 FCPATH/index.php(34): CodeIgniter\CodeIgniter->run()
ERROR - 2026-05-21 14:59:48 --> Error connecting to the database: mysqli_sql_exception: Too many connections in /var/www/wappbuzz/vendor/codeigniter4/framework/system/Database/MySQLi/Connection.php:185
Stack trace:
#0 /var/www/wappbuzz/vendor/codeigniter4/framework/system/Database/MySQLi/Connection.php(185): mysqli->real_connect()
#1 /var/www/wappbuzz/vendor/codeigniter4/framework/system/Database/BaseConnection.php(392): CodeIgniter\Database\MySQLi\Connection->connect()
#2 /var/www/wappbuzz/vendor/codeigniter4/framework/system/Database/BaseConnection.php(575): CodeIgniter\Database\BaseConnection->initialize()
#3 /var/www/wappbuzz/vendor/codeigniter4/framework/system/Database/BaseBuilder.php(1616): CodeIgniter\Database\BaseConnection->query()
#4 /var/www/wappbuzz/app/Helpers/Common_helper.php(1444): CodeIgniter\Database\BaseBuilder->get()
#5 /var/www/wappbuzz/app/Filters/MainFilter.php(57): db_get()
#6 /var/www/wappbuzz/vendor/codeigniter4/framework/system/Filters/Filters.php(184): App\Filters\MainFilter->before()
#7 /var/www/wappbuzz/vendor/codeigniter4/framework/system/CodeIgniter.php(475): CodeIgniter\Filters\Filters->run()
#8 /var/www/wappbuzz/vendor/codeigniter4/framework/system/CodeIgniter.php(361): CodeIgniter\CodeIgniter->handleRequest()
#9 /var/www/wappbuzz/index.php(34): CodeIgniter\CodeIgniter->run()
#10 {main}

Next CodeIgniter\Database\Exceptions\DatabaseException: Too many connections in /var/www/wappbuzz/vendor/codeigniter4/framework/system/Database/MySQLi/Connection.php:229
Stack trace:
#0 /var/www/wappbuzz/vendor/codeigniter4/framework/system/Database/BaseConnection.php(392): CodeIgniter\Database\MySQLi\Connection->connect()
#1 /var/www/wappbuzz/vendor/codeigniter4/framework/system/Database/BaseConnection.php(575): CodeIgniter\Database\BaseConnection->initialize()
#2 /var/www/wappbuzz/vendor/codeigniter4/framework/system/Database/BaseBuilder.php(1616): CodeIgniter\Database\BaseConnection->query()
#3 /var/www/wappbuzz/app/Helpers/Common_helper.php(1444): CodeIgniter\Database\BaseBuilder->get()
#4 /var/www/wappbuzz/app/Filters/MainFilter.php(57): db_get()
#5 /var/www/wappbuzz/vendor/codeigniter4/framework/system/Filters/Filters.php(184): App\Filters\MainFilter->before()
#6 /var/www/wappbuzz/vendor/codeigniter4/framework/system/CodeIgniter.php(475): CodeIgniter\Filters\Filters->run()
#7 /var/www/wappbuzz/vendor/codeigniter4/framework/system/CodeIgniter.php(361): CodeIgniter\CodeIgniter->handleRequest()
#8 /var/www/wappbuzz/index.php(34): CodeIgniter\CodeIgniter->run()
#9 {main}
CRITICAL - 2026-05-21 14:59:48 --> CodeIgniter\Database\Exceptions\DatabaseException: Unable to connect to the database.
Main connection [MySQLi]: Too many connections
in SYSTEMPATH/Database/BaseConnection.php on line 428.
 1 SYSTEMPATH/Database/BaseConnection.php(575): CodeIgniter\Database\BaseConnection->initialize()
 2 SYSTEMPATH/Database/BaseBuilder.php(1616): CodeIgniter\Database\BaseConnection->query()
 3 APPPATH/Helpers/Common_helper.php(1444): CodeIgniter\Database\BaseBuilder->get()
 4 APPPATH/Filters/MainFilter.php(57): db_get()
 5 SYSTEMPATH/Filters/Filters.php(184): App\Filters\MainFilter->before()
 6 SYSTEMPATH/CodeIgniter.php(475): CodeIgniter\Filters\Filters->run()
 7 SYSTEMPATH/CodeIgniter.php(361): CodeIgniter\CodeIgniter->handleRequest()
 8 FCPATH/index.php(34): CodeIgniter\CodeIgniter->run()
ERROR - 2026-05-21 14:59:51 --> Error connecting to the database: mysqli_sql_exception: Too many connections in /var/www/wappbuzz/vendor/codeigniter4/framework/system/Database/MySQLi/Connection.php:185
Stack trace:
#0 /var/www/wappbuzz/vendor/codeigniter4/framework/system/Database/MySQLi/Connection.php(185): mysqli->real_connect()
#1 /var/www/wappbuzz/vendor/codeigniter4/framework/system/Database/BaseConnection.php(392): CodeIgniter\Database\MySQLi\Connection->connect()
#2 /var/www/wappbuzz/vendor/codeigniter4/framework/system/Database/BaseConnection.php(575): CodeIgniter\Database\BaseConnection->initialize()
#3 /var/www/wappbuzz/vendor/codeigniter4/framework/system/Database/BaseBuilder.php(1616): CodeIgniter\Database\BaseConnection->query()
#4 /var/www/wappbuzz/app/Helpers/Common_helper.php(1444): CodeIgniter\Database\BaseBuilder->get()
#5 /var/www/wappbuzz/app/Filters/MainFilter.php(57): db_get()
#6 /var/www/wappbuzz/vendor/codeigniter4/framework/system/Filters/Filters.php(184): App\Filters\MainFilter->before()
#7 /var/www/wappbuzz/vendor/codeigniter4/framework/system/CodeIgniter.php(475): CodeIgniter\Filters\Filters->run()
#8 /var/www/wappbuzz/vendor/codeigniter4/framework/system/CodeIgniter.php(361): CodeIgniter\CodeIgniter->handleRequest()
#9 /var/www/wappbuzz/index.php(34): CodeIgniter\CodeIgniter->run()
#10 {main}

Next CodeIgniter\Database\Exceptions\DatabaseException: Too many connections in /var/www/wappbuzz/vendor/codeigniter4/framework/system/Database/MySQLi/Connection.php:229
Stack trace:
#0 /var/www/wappbuzz/vendor/codeigniter4/framework/system/Database/BaseConnection.php(392): CodeIgniter\Database\MySQLi\Connection->connect()
#1 /var/www/wappbuzz/vendor/codeigniter4/framework/system/Database/BaseConnection.php(575): CodeIgniter\Database\BaseConnection->initialize()
#2 /var/www/wappbuzz/vendor/codeigniter4/framework/system/Database/BaseBuilder.php(1616): CodeIgniter\Database\BaseConnection->query()
#3 /var/www/wappbuzz/app/Helpers/Common_helper.php(1444): CodeIgniter\Database\BaseBuilder->get()
#4 /var/www/wappbuzz/app/Filters/MainFilter.php(57): db_get()
#5 /var/www/wappbuzz/vendor/codeigniter4/framework/system/Filters/Filters.php(184): App\Filters\MainFilter->before()
#6 /var/www/wappbuzz/vendor/codeigniter4/framework/system/CodeIgniter.php(475): CodeIgniter\Filters\Filters->run()
#7 /var/www/wappbuzz/vendor/codeigniter4/framework/system/CodeIgniter.php(361): CodeIgniter\CodeIgniter->handleRequest()
#8 /var/www/wappbuzz/index.php(34): CodeIgniter\CodeIgniter->run()
#9 {main}
CRITICAL - 2026-05-21 14:59:51 --> CodeIgniter\Database\Exceptions\DatabaseException: Unable to connect to the database.
Main connection [MySQLi]: Too many connections
in SYSTEMPATH/Database/BaseConnection.php on line 428.
 1 SYSTEMPATH/Database/BaseConnection.php(575): CodeIgniter\Database\BaseConnection->initialize()
 2 SYSTEMPATH/Database/BaseBuilder.php(1616): CodeIgniter\Database\BaseConnection->query()
 3 APPPATH/Helpers/Common_helper.php(1444): CodeIgniter\Database\BaseBuilder->get()
 4 APPPATH/Filters/MainFilter.php(57): db_get()
 5 SYSTEMPATH/Filters/Filters.php(184): App\Filters\MainFilter->before()
 6 SYSTEMPATH/CodeIgniter.php(475): CodeIgniter\Filters\Filters->run()
 7 SYSTEMPATH/CodeIgniter.php(361): CodeIgniter\CodeIgniter->handleRequest()
 8 FCPATH/index.php(34): CodeIgniter\CodeIgniter->run()
